
   FAIL  Tests\Feature\SekretarisDecisionPageTest
  Γ£ô it shows proposals with submitted reviewer feedback on the secretarΓÇª 0.54s  
  Γ£ô it does not set decision_date when proposal status changes from revΓÇª 0.02s  
  Γ£ô it shows putuskan button for reviewer-approved proposals without seΓÇª 0.03s  
  Γ¿» it hides proposals after secretary submits a decision                0.07s  
  Γ£ô it does not show already-decided proposals on the secretary decisioΓÇª 0.03s  
  ΓöÇΓöÇΓöÇΓöÇΓöÇΓöÇΓöÇΓöÇΓöÇΓöÇΓöÇΓöÇΓöÇΓöÇΓöÇΓöÇΓöÇΓöÇΓöÇΓöÇΓöÇΓöÇΓöÇΓöÇΓöÇΓöÇΓöÇΓöÇΓöÇΓöÇΓöÇΓöÇΓöÇΓöÇΓöÇΓöÇΓöÇΓöÇΓöÇΓöÇΓöÇΓöÇΓöÇΓöÇΓöÇΓöÇΓöÇΓöÇΓöÇΓöÇΓöÇΓöÇΓöÇΓöÇΓöÇΓöÇΓöÇΓöÇΓöÇΓöÇΓöÇΓöÇΓöÇΓöÇΓöÇΓöÇΓöÇΓöÇΓöÇΓöÇΓöÇΓöÇΓöÇΓöÇΓöÇΓöÇ  
   FAILED  Tests\Feature\SekretarisDecisionPageTest > it hides proposals aftΓÇª   
  Expected: <!DOCTYPE html>\n
<html lang="id">\n
<head>\n
    <meta charset="UTF-8">\n
    <meta name="viewport" content="width=device-width, initial-scale=1.0">\n
    <meta name="csrf-token" content="4oEqxrcfwxrdI0yCZiS8FgGHPSuIcMeCwl6TFTNu">\n
    <title>Keputusan Proposal</title>\n
\n
    <!-- Font Awesome -->\n
    <link rel="stylesheet" href="https://cdnjs.cloudflare.com/ajax/libs/font-awesome/6.4.0/css/all.min.css">\n
    <!-- Google Fonts -->\n
    <link href="https://fonts.googleapis.com/css2?family=DM+Sans:wght@400;500;600;700&family=Inter:wght@400;500;600;700;800;900&display=swap" rel="stylesheet">\n
    <link href="https://fonts.googleapis.com/css2?family=Material+Symbols+Outlined:wght,FILL@100..700,0..1&display=swap" rel="stylesheet">\n
    \n
    <!-- Tailwind CSS CDN -->\n
    <script src="https://cdn.tailwindcss.com"></script>\n
    <script id="tailwind-config">\n
        tailwind.config = {\n
          darkMode: 'class',\n
          theme: {\n
            extend: {\n
              colors: {\n
                'primary-fixed-dim': '#b0c6ff',\n
                'inverse-on-surface': '#eaf1ff',\n
                'background': '#f8f9ff',\n
                'surface-container': '#e5eeff',\n
                'secondary-container': '#81f3e5',\n
                'on-error-container': '#93000a',\n
                'on-surface': '#0b1c30',\n
                'on-secondary-container': '#006f66',\n
                'on-error': '#ffffff',\n
                'secondary-fixed': '#84f5e8',\n
                'outline': '#737783',\n
                'secondary-fixed-dim': '#66d9cc',\n
                'outline-variant': '#c3c6d4',\n
                'surface-tint': '#2b5bb5',\n
                'primary-container': '#0d47a1',\n
                'on-background': '#0b1c30',\n
                'inverse-surface': '#213145',\n
                'on-primary-fixed': '#001945',\n
                'tertiary': '#602100',\n
                'on-tertiary-fixed': '#360f00',\n
                'surface-container-high': '#dce9ff',\n
                'surface-container-highest': '#d3e4fe',\n
                'error': '#ba1a1a',\n
                'surface': '#f8f9ff',\n
                'on-secondary-fixed-variant': '#005049',\n
                'tertiary-fixed': '#ffdbcd',\n
                'surface-bright': '#f8f9ff',\n
                'inverse-primary': '#b0c6ff',\n
                'surface-dim': '#cbdbf5',\n
                'on-secondary-fixed': '#00201d',\n
                'primary-fixed': '#d9e2ff',\n
                'error-container': '#ffdad6',\n
                'on-secondary': '#ffffff',\n
                'surface-variant': '#d3e4fe',\n
                'secondary': '#006a62',\n
                'surface-container-low': '#eff4ff',\n
                'on-surface-variant': '#434652',\n
                'on-primary': '#ffffff',\n
                'on-tertiary-fixed-variant': '#7d2d00'\n
              },\n
              borderRadius: {\n
                DEFAULT: '0.125rem',\n
                lg: '0.25rem',\n
                xl: '0.5rem',\n
                full: '0.75rem'\n
              },\n
              spacing: {\n
                base: '4px',\n
                lg: '24px',\n
                md: '16px',\n
                xs: '8px',\n
                xl: '32px',\n
                gutter: '24px'\n
              },\n
              maxWidth: {\n
                'container-max': '1440px'\n
              },\n
              fontFamily: {\n
                'body-lg': ['Inter', 'sans-serif'],\n
                h1: ['Inter', 'sans-serif'],\n
                'label-caps': ['Inter', 'sans-serif'],\n
                button: ['Inter', 'sans-serif'],\n
                'body-sm': ['Inter', 'sans-serif'],\n
                h3: ['Inter', 'sans-serif'],\n
                h2: ['Inter', 'sans-serif'],\n
                'body-md': ['Inter', 'sans-serif']\n
              },\n
              fontSize: {\n
                'body-lg': ['16px', {'lineHeight': '24px', 'fontWeight': '400'}],\n
                h1: ['30px', {'lineHeight': '38px', 'letterSpacing': '-0.02em', 'fontWeight': '700'}],\n
                'label-caps': ['12px', {'lineHeight': '16px', 'letterSpacing': '0.05em', 'fontWeight': '600'}],\n
                button: ['14px', {'lineHeight': '20px', 'fontWeight': '500'}],\n
                'body-sm': ['12px', {'lineHeight': '16px', 'fontWeight': '400'}],\n
                h3: ['20px', {'lineHeight': '28px', 'fontWeight': '600'}],\n
                h2: ['24px', {'lineHeight': '32px', 'letterSpacing': '-0.01em', 'fontWeight': '600'}],\n
                'body-md': ['14px', {'lineHeight': '20px', 'fontWeight': '400'}]\n
              }\n
            }\n
          }\n
        }\n
    </script>\n
    \n
    <!-- Custom Tailwind overrides -->\n
    <style>\n
        .font-h2 { font-family: 'Inter', sans-serif; font-weight: 700; }\n
        .font-h3 { font-family: 'Inter', sans-serif; font-weight: 600; }\n
        .font-body-md { font-family: 'Inter', sans-serif; }\n
        .font-button { font-family: 'Inter', sans-serif; }\n
        .font-body-sm { font-family: 'Inter', sans-serif; }\n
        .text-label-caps { text-transform: uppercase; letter-spacing: .05em; }\n
        @keyframes toast-in {\n
            from { opacity: 0; transform: translateY(12px) scale(0.96); }\n
            to { opacity: 1; transform: translateY(0) scale(1); }\n
        }\n
        @keyframes toast-out {\n
            from { opacity: 1; transform: translateY(0) scale(1); }\n
            to { opacity: 0; transform: translateY(6px) scale(0.97); }\n
        }\n
        .toast-in {\n
            animation: toast-in 0.26s cubic-bezier(.34, 1.56, .64, 1) forwards;\n
        }\n
        .toast-out {\n
            animation: toast-out 0.2s ease forwards;\n
        }\n
        ::-webkit-scrollbar { width: 5px; }\n
        ::-webkit-scrollbar-track { background: transparent; }\n
        ::-webkit-scrollbar-thumb { background: #d1d5db; border-radius: 3px; }\n
        ::-webkit-scrollbar-thumb:hover { background: #9ca3af; }\n
    </style>\n
\n
    </head>\n
<body class="font-['Inter'] m-0 bg-[#f4f6f9]">\n
\n
<!-- ΓòÉΓòÉΓòÉΓòÉΓòÉΓòÉΓòÉΓòÉΓòÉΓòÉΓòÉΓòÉΓòÉΓòÉΓòÉΓòÉΓòÉΓòÉΓòÉΓòÉΓòÉΓòÉΓòÉΓòÉΓòÉΓòÉΓòÉΓòÉΓòÉΓòÉΓòÉΓòÉΓòÉΓòÉΓòÉ\n
     SIDEBAR\n
ΓòÉΓòÉΓòÉΓòÉΓòÉΓòÉΓòÉΓòÉΓòÉΓòÉΓòÉΓòÉΓòÉΓòÉΓòÉΓòÉΓòÉΓòÉΓòÉΓòÉΓòÉΓòÉΓòÉΓòÉΓòÉΓòÉΓòÉΓòÉΓòÉΓòÉΓòÉΓòÉΓòÉΓòÉΓòÉ -->\n
<div class="w-64 min-h-screen bg-white border-r border-[#e8ecf0] fixed left-0 top-0 flex flex-col z-[100]">\n
    <div class="flex items-center gap-2.5 px-5 py-5 pb-[18px] border-b border-[#f0f2f5]">\n
        <div class="w-[38px] h-[38px] bg-[#1a3a5c] rounded-xl flex items-center justify-center shrink-0">\n
            <i class="fas fa-shield-halved text-white text-[15px]"></i>\n
        </div>\n
        <div>\n
            <span class="text-[15px] font-bold text-[#0f1e2e] leading-tight tracking-[-0.2px]">Ethics Portal</span>\n
            <span class="text-[9.5px] font-semibold tracking-[0.9px] uppercase text-[#94a3b8] block">Sekretariat</span>\n
        </div>\n
    </div>\n
\n
    <nav class="flex-1 p-4 px-3 flex flex-col gap-0.5">\n
        <a href="http://localhost/dashboard/sekretaris"\n
           class="group flex items-center gap-[11px] px-3 py-[9px] rounded-lg text-[13.5px] font-medium no-underline transition-all duration-150 hover:bg-[#f5f7fa] text-[#4b5563] border-l-transparent border-l-[3px] hover:text-[#1e3a5f]">\n
            <i class="fas fa-tachometer-alt text-[15px] w-[18px] text-center shrink-0 transition-colors duration-150 text-[#9ca3af] group-hover:text-[#4b6fa8]"></i>\n
            Dashboard\n
        </a>\n
\n
        <a href="http://localhost/sekretaris/user-management"\n
           class="group flex items-center gap-[11px] px-3 py-[9px] rounded-lg text-[13.5px] font-medium no-underline transition-all duration-150 hover:bg-[#f5f7fa] text-[#4b5563] border-l-transparent border-l-[3px] hover:text-[#1e3a5f]">\n
            <i class="fas fa-users text-[15px] w-[18px] text-center shrink-0 transition-colors duration-150 text-[#9ca3af] group-hover:text-[#4b6fa8]"></i>\n
            Manajemen User\n
        </a>\n
\n
        <a href="http://localhost/sekretaris/manajemen-proposal"\n
           class="group flex items-center gap-[11px] px-3 py-[9px] rounded-lg text-[13.5px] font-medium no-underline transition-all duration-150 hover:bg-[#f5f7fa] text-[#4b5563] border-l-transparent border-l-[3px] hover:text-[#1e3a5f]">\n
            <i class="fas fa-file-alt text-[15px] w-[18px] text-center shrink-0 transition-colors duration-150 text-[#9ca3af] group-hover:text-[#4b6fa8]"></i>\n
            Manajemen Proposal\n
        </a>\n
\n
        <a href="http://localhost/sekretaris/hasil-review"\n
           class="group flex items-center gap-[11px] px-3 py-[9px] rounded-lg text-[13.5px] font-medium no-underline transition-all duration-150 hover:bg-[#f5f7fa] text-[#4b5563] border-l-transparent border-l-[3px] hover:text-[#1e3a5f]">\n
            <i class="fas fa-clipboard-list text-[15px] w-[18px] text-center shrink-0 transition-colors duration-150 text-[#9ca3af] group-hover:text-[#4b6fa8]"></i>\n
            Hasil Review\n
        </a>\n
\n
        <a href="http://localhost/sekretaris/keputusan"\n
           class="group flex items-center gap-[11px] px-3 py-[9px] rounded-lg text-[13.5px] font-medium no-underline transition-all duration-150 hover:bg-[#f5f7fa] bg-[#eef3fb] text-[#1e4d8c] font-semibold border-l-[#2563eb] border-l-[3px] hover:text-[#1e3a5f]">\n
            <i class="fas fa-gavel text-[15px] w-[18px] text-center shrink-0 transition-colors duration-150 text-[#2563eb]"></i>\n
            Keputusan\n
        </a>\n
\n
        <a href="http://localhost/sekretaris/draf-ethical-clearance"\n
           class="group flex items-center gap-[11px] px-3 py-[9px] rounded-lg text-[13.5px] font-medium no-underline transition-all duration-150 hover:bg-[#f5f7fa] text-[#4b5563] border-l-transparent border-l-[3px] hover:text-[#1e3a5f]">\n
            <i class="fas fa-file-signature text-[15px] w-[18px] text-center shrink-0 transition-colors duration-150 text-[#9ca3af] group-hover:text-[#4b6fa8]"></i>\n
            Draft Ethical Clearance\n
        </a>\n
\n
        <a href="http://localhost/sekretaris/arsip"\n
           class="group flex items-center gap-[11px] px-3 py-[9px] rounded-lg text-[13.5px] font-medium no-underline transition-all duration-150 hover:bg-[#f5f7fa] text-[#4b5563] border-l-transparent border-l-[3px] hover:text-[#1e3a5f]">\n
            <i class="fas fa-archive text-[15px] w-[18px] text-center shrink-0 transition-colors duration-150 text-[#9ca3af] group-hover:text-[#4b6fa8]"></i>\n
            Arsip Dokumen\n
        </a>\n
\n
       \n
\n
        <div class="flex-1"></div>\n
    </nav>\n
</div>\n
\n
<!-- ΓòÉΓòÉΓòÉΓòÉΓòÉΓòÉΓòÉΓòÉΓòÉΓòÉΓòÉΓòÉΓòÉΓòÉΓòÉΓòÉΓòÉΓòÉΓòÉΓòÉΓòÉΓòÉΓòÉΓòÉΓòÉΓòÉΓòÉΓòÉΓòÉΓòÉΓòÉΓòÉΓòÉΓòÉΓòÉ\n
     MAIN CONTENT\n
ΓòÉΓòÉΓòÉΓòÉΓòÉΓòÉΓòÉΓòÉΓòÉΓòÉΓòÉΓòÉΓòÉΓòÉΓòÉΓòÉΓòÉΓòÉΓòÉΓòÉΓòÉΓòÉΓòÉΓòÉΓòÉΓòÉΓòÉΓòÉΓòÉΓòÉΓòÉΓòÉΓòÉΓòÉΓòÉ -->\n
<div class="lg:ml-64 min-h-screen bg-[#f4f6f9]">\n
\n
    <!-- Top Navbar -->\n
    <div class="bg-white border-b border-[#e8ecf0] px-7 h-[58px] flex items-center justify-between sticky top-0 z-[50]">\n
        <!-- Kiri: Title + Date Range -->\n
    <div class="flex items-center gap-3.5">\n
        <button type="button" onclick="openSidebar()" class="lg:hidden p-2 rounded-full hover:bg-[#f5f7fa] text-[#4b5563] transition-colors">\n
            <i class="fas fa-bars"></i>\n
        </button>\n
        <h1 class="text-[20px] font-bold text-[#0f1e2e] tracking-[-0.4px] m-0">Keputusan</h1>\n
        <div class="w-px h-[18px] bg-[#d1d5db]"></div>\n
        \n
        \n
                    <div class="inline-flex items-center gap-1.5 text-[12.5px] font-medium text-[#6b7280]">\n
                <i class="text-[12px] text-[#9ca3af]"></i>\n
                Approve / Revise / Reject Proposal            </div>\n
            </div>\n
\n
        <!-- Kanan: Bell + Admin -->\n
        <div class="flex items-center gap-3.5">\n
            <button class="w-9 h-9 rounded-full bg-transparent border-none flex items-center justify-center cursor-pointer text-[#6b7280] text-base transition-colors duration-150 hover:text-[#374151] relative" onclick="featureInDevelopment('Notifikasi')">\n
                <i class="fas fa-bell"></i>\n
            </button>\n
\n
            <div class="relative" id="profile-dropdown-container">\n
                <button id="profile-dropdown-toggle" type="button" class="flex items-center gap-2.5 rounded-2xl border border-slate-200 bg-white px-3 py-2 text-left transition-all duration-150 hover:shadow-sm focus:outline-none focus:ring-2 focus:ring-blue-200">\n
                    <div class="text-right">\n
                        <span class="text-[13.5px] font-semibold text-[#0f1e2e] block leading-tight">Sunny Kunze Sr.</span>\n
                        <span class="text-[10px] font-bold tracking-[0.6px] uppercase text-[#94a3b8] block">Admin</span>\n
                    </div>\n
                    <div class="w-9 h-9 rounded-full bg-[#1a3a5c] text-white text-[12px] font-bold flex items-center justify-center border-2 border-[#e8ecf0] shrink-0">\n
                        SU\n
                    </div>\n
                    <i class="fas fa-chevron-down text-slate-400"></i>\n
                </button>\n
\n
                <div id="profile-dropdown-menu" class="hidden absolute right-0 mt-2 w-48 rounded-2xl border border-slate-200 bg-white shadow-lg py-2 z-50">\n
                                            <a href="http://localhost/profile" class="block px-4 py-3 text-sm text-slate-700 hover:bg-slate-100">Edit Profil</a>\n
                                        <form method="POST" action="http://localhost/logout">\n
                        <input type="hidden" name="_token" value="4oEqxrcfwxrdI0yCZiS8FgGHPSuIcMeCwl6TFTNu" autocomplete="off">                        <button type="submit" class="w-full text-left px-4 py-3 text-sm text-slate-700 hover:bg-slate-100">Logout</button>\n
                    </form>\n
                </div>\n
            </div>\n
        </div>\n
    </div>\n
\n
    <!-- Page Content -->\n
    <div class="p-6 px-7">\n
        \n
\n
<div x-data="{ show: true }" x-show="show" x-init="setTimeout(() => show = false, 4000)"\n
     x-transition:leave="transition ease-in duration-300"\n
     x-transition:leave-start="opacity-100" x-transition:leave-end="opacity-0"\n
     class="flex items-center gap-3 bg-emerald-50 border border-emerald-200 text-emerald-700 px-5 py-3 rounded-xl mb-5 text-[13.5px] font-medium shadow-sm">\n
    <i class="fas fa-circle-check text-emerald-500"></i>\n
    Keputusan untuk proposal &quot;Proposal Setelah Keputusan&quot; berhasil disimpan.\n
    <button @click="show = false" class="ml-auto text-emerald-400 hover:text-emerald-600 cursor-pointer">\n
        <i class="fas fa-xmark"></i>\n
    </button>\n
</div>\n
\n
\n
\n
<div class="mb-6">\n
    <h2 class="text-2xl font-bold text-slate-900 tracking-tight">Keputusan Proposal</h2>\n
    <p class="text-sm text-slate-500 mt-1">Tentukan keputusan akhir berdasarkan hasil review para reviewer.</p>\n
</div>\n
\n
\n
<div class="grid grid-cols-4 gap-4 mb-6">\n
            <div class="bg-white border border-slate-200 rounded-2xl p-4 flex items-center gap-3 shadow-sm">\n
        <div class="w-10 h-10 bg-slate-100 rounded-xl flex items-center justify-center flex-shrink-0">\n
            <i class="fas fa-file-lines text-slate-500 text-base"></i>\n
        </div>\n
        <div>\n
            <p class="text-[10px] font-bold tracking-widest uppercase text-slate-400 mb-0.5">Total Proposal</p>\n
            <p class="text-[20px] font-bold text-slate-900 leading-none">0</p>\n
        </div>\n
    </div>\n
        <div class="bg-white border border-slate-200 rounded-2xl p-4 flex items-center gap-3 shadow-sm">\n
        <div class="w-10 h-10 bg-emerald-50 rounded-xl flex items-center justify-center flex-shrink-0">\n
            <i class="fas fa-circle-check text-emerald-500 text-base"></i>\n
        </div>\n
        <div>\n
            <p class="text-[10px] font-bold tracking-widest uppercase text-slate-400 mb-0.5">Approved</p>\n
            <p class="text-[20px] font-bold text-slate-900 leading-none">0</p>\n
        </div>\n
    </div>\n
        <div class="bg-white border border-slate-200 rounded-2xl p-4 flex items-center gap-3 shadow-sm">\n
        <div class="w-10 h-10 bg-amber-50 rounded-xl flex items-center justify-center flex-shrink-0">\n
            <i class="fas fa-hourglass-half text-amber-500 text-base"></i>\n
        </div>\n
        <div>\n
            <p class="text-[10px] font-bold tracking-widest uppercase text-slate-400 mb-0.5">Menunggu Keputusan</p>\n
            <p class="text-[20px] font-bold text-slate-900 leading-none">0</p>\n
        </div>\n
    </div>\n
        <div class="bg-white border border-slate-200 rounded-2xl p-4 flex items-center gap-3 shadow-sm">\n
        <div class="w-10 h-10 bg-red-50 rounded-xl flex items-center justify-center flex-shrink-0">\n
            <i class="fas fa-circle-xmark text-red-500 text-base"></i>\n
        </div>\n
        <div>\n
            <p class="text-[10px] font-bold tracking-widest uppercase text-slate-400 mb-0.5">Rejected</p>\n
            <p class="text-[20px] font-bold text-slate-900 leading-none">0</p>\n
        </div>\n
    </div>\n
    </div>\n
\n
\n
<div class="bg-white border border-slate-200 rounded-2xl shadow-sm overflow-hidden"\n
     x-data="keputusanManager()"\n
     x-init="init()">\n
\n
    <div class="flex items-center justify-between px-6 py-4 border-b border-slate-100">\n
        <span class="text-[15px] font-bold text-slate-900">Daftar Proposal</span>\n
        <div class="relative">\n
            <select x-model="filterStatus"\n
                    class="appearance-none pl-3 pr-8 py-1.5 text-[13px] border border-slate-200 rounded-lg bg-white outline-none focus:border-blue-400 text-slate-700 cursor-pointer">\n
                <option value="">Semua Status</option>\n
                <option value="on_review">On Review</option>\n
                <option value="approved">Approved</option>\n
                <option value="revised">Revisi</option>\n
                <option value="waiting_for_confirmation">Waiting For Confirmation</option>\n
                <option value="rejected">Rejected</option>\n
            </select>\n
            <i class="fas fa-chevron-down absolute right-2.5 top-1/2 -translate-y-1/2 text-slate-400 text-[10px] pointer-events-none"></i>\n
        </div>\n
    </div>\n
\n
    <div class="overflow-x-auto">\n
        <table class="w-full">\n
            <thead class="bg-slate-50 border-b border-slate-100">\n
                <tr>\n
                    <th class="text-left text-[10px] font-bold tracking-wider uppercase text-slate-400 px-6 py-3 w-[38%]">Proposal</th>\n
                    <th class="text-left text-[10px] font-bold tracking-wider uppercase text-slate-400 px-4 py-3 w-[14%]">Status</th>\n
                    <th class="text-left text-[10px] font-bold tracking-wider uppercase text-slate-400 px-4 py-3 w-[16%]">Tanggal Submit</th>\n
                    <th class="text-left text-[10px] font-bold tracking-wider uppercase text-slate-400 px-4 py-3 w-[14%]">Tanggal Keputusan</th>\n
                    <th class="text-right text-[10px] font-bold tracking-wider uppercase text-slate-400 px-6 py-3 w-[18%]">Aksi</th>\n
                </tr>\n
            </thead>\n
            <tbody class="divide-y divide-slate-50">\n
                                <tr>\n
                    <td colspan="5" class="px-6 py-16 text-center">\n
                        <i class="fas fa-inbox text-slate-300 text-4xl mb-3 block"></i>\n
                        <p class="text-[14px] text-slate-400 font-medium">Tidak ada proposal yang perlu diputuskan.</p>\n
                    </td>\n
                </tr>\n
                            </tbody>\n
        </table>\n
    </div>\n
\n
    \n
    <div x-show="modalOpen" x-cloak\n
         class="fixed inset-0 z-50 flex items-center justify-center"\n
         @keydown.escape.window="modalOpen = false">\n
        <div class="absolute inset-0 bg-slate-900/40 backdrop-blur-sm" @click="modalOpen = false"></div>\n
\n
        <div class="relative bg-white rounded-2xl shadow-xl w-full max-w-md mx-4 overflow-hidden"\n
             x-transition:enter="transition ease-out duration-200"\n
             x-transition:enter-start="opacity-0 scale-95"\n
             x-transition:enter-end="opacity-100 scale-100"\n
             x-transition:leave="transition ease-in duration-150"\n
             x-transition:leave-start="opacity-100 scale-100"\n
             x-transition:leave-end="opacity-0 scale-95">\n
\n
            \n
            <div class="flex items-center justify-between px-6 py-4 border-b border-slate-100">\n
                <div>\n
                    <h3 class="text-[16px] font-bold text-slate-900">Beri Keputusan</h3>\n
                    <p class="text-[12px] text-slate-400 mt-0.5 truncate max-w-[280px]" x-text="modalTitle"></p>\n
                </div>\n
                <button @click="modalOpen = false"\n
                        class="w-8 h-8 rounded-lg flex items-center justify-center text-slate-400 hover:bg-slate-100 cursor-pointer">\n
                    <i class="fas fa-xmark text-sm"></i>\n
                </button>\n
            </div>\n
\n
            \n
            <div class="px-6 pt-4">\n
                <div class="flex items-center gap-2 bg-slate-50 border border-slate-200 rounded-xl px-4 py-2.5">\n
                    <i class="fas fa-user text-slate-400 text-xs"></i>\n
                    <span class="text-[13px] text-slate-600" x-text="modalResearcher"></span>\n
                </div>\n
            </div>\n
\n
            \n
            <form :action="'http://localhost/sekretaris/keputusan/update'" method="POST">\n
                <input type="hidden" name="_token" value="4oEqxrcfwxrdI0yCZiS8FgGHPSuIcMeCwl6TFTNu" autocomplete="off">                <input type="hidden" name="proposal_id" :value="modalProposalId">\n
\n
                <div class="px-6 py-5 space-y-4">\n
\n
                    \n
                    <div>\n
                        <label class="block text-[11.5px] font-semibold text-slate-500 mb-2">\n
                            Keputusan <span class="text-red-400">*</span>\n
                        </label>\n
                        <div class="grid grid-cols-3 gap-2">\n
                                                        <label class="cursor-pointer">\n
                                <input type="radio" name="status" value="approved"\n
                                       x-model="selectedStatus" class="sr-only">\n
                                <div class="flex flex-col items-center gap-2 p-3 rounded-xl border-2 transition-all text-center"\n
                                     :class="selectedStatus === 'approved'\n
                                         ? 'border-emerald-500 bg-emerald-50'\n
                                         : 'border-slate-200 hover:border-slate-300'">\n
                                    <div class="w-9 h-9 rounded-full flex items-center justify-center transition-colors"\n
                                         :class="selectedStatus === 'approved' ? 'bg-emerald-500' : 'bg-slate-100'">\n
                                        <i class="fas fa-check text-sm"\n
                                           :class="selectedStatus === 'approved' ? 'text-white' : 'text-slate-400'"></i>\n
                                    </div>\n
                                    <span class="text-[12px] font-semibold transition-colors"\n
                                          :class="selectedStatus === 'approved' ? 'text-emerald-700' : 'text-slate-600'">\n
                                        Approve\n
                                    </span>\n
                                </div>\n
                            </label>\n
                                                        <label class="cursor-pointer">\n
                                <input type="radio" name="status" value="revised"\n
                                       x-model="selectedStatus" class="sr-only">\n
                                <div class="flex flex-col items-center gap-2 p-3 rounded-xl border-2 transition-all text-center"\n
                                     :class="selectedStatus === 'revised'\n
                                         ? 'border-amber-500 bg-amber-50'\n
                                         : 'border-slate-200 hover:border-slate-300'">\n
                                    <div class="w-9 h-9 rounded-full flex items-center justify-center transition-colors"\n
                                         :class="selectedStatus === 'revised' ? 'bg-amber-500' : 'bg-slate-100'">\n
                                        <i class="fas fa-pen text-sm"\n
                                           :class="selectedStatus === 'revised' ? 'text-white' : 'text-slate-400'"></i>\n
                                    </div>\n
                                    <span class="text-[12px] font-semibold transition-colors"\n
                                          :class="selectedStatus === 'revised' ? 'text-amber-700' : 'text-slate-600'">\n
                                        Revisi\n
                                    </span>\n
                                </div>\n
                            </label>\n
                                                        <label class="cursor-pointer">\n
                                <input type="radio" name="status" value="rejected"\n
                                       x-model="selectedStatus" class="sr-only">\n
                                <div class="flex flex-col items-center gap-2 p-3 rounded-xl border-2 transition-all text-center"\n
                                     :class="selectedStatus === 'rejected'\n
                                         ? 'border-red-500 bg-red-50'\n
                                         : 'border-slate-200 hover:border-slate-300'">\n
                                    <div class="w-9 h-9 rounded-full flex items-center justify-center transition-colors"\n
                                         :class="selectedStatus === 'rejected' ? 'bg-red-500' : 'bg-slate-100'">\n
                                        <i class="fas fa-xmark text-sm"\n
                                           :class="selectedStatus === 'rejected' ? 'text-white' : 'text-slate-400'"></i>\n
                                    </div>\n
                                    <span class="text-[12px] font-semibold transition-colors"\n
                                          :class="selectedStatus === 'rejected' ? 'text-red-700' : 'text-slate-600'">\n
                                        Reject\n
                                    </span>\n
                                </div>\n
                            </label>\n
                                                    </div>\n
                    </div>\n
\n
                    \n
                    <div x-show="selectedStatus === 'rejected' || selectedStatus === 'revised'"\n
                         x-transition:enter="transition ease-out duration-150"\n
                         x-transition:enter-start="opacity-0 -translate-y-2"\n
                         x-transition:enter-end="opacity-100 translate-y-0">\n
                        <label class="block text-[11.5px] font-semibold text-slate-500 mb-1.5">\n
                            <span x-text="selectedStatus === 'rejected' ? 'Alasan Penolakan' : 'Catatan Revisi'"></span>\n
                            <span class="text-red-400">*</span>\n
                        </label>\n
                        <textarea name="rejection_reason" x-model="alasan" rows="3"\n
                                  :placeholder="selectedStatus === 'rejected'\n
                                      ? 'Jelaskan alasan penolakan proposal ini...'\n
                                      : 'Jelaskan poin-poin yang perlu direvisi...'"\n
                                  class="w-full px-3.5 py-2.5 text-[13px] border border-slate-200 rounded-xl outline-none focus:border-blue-400 focus:ring-2 focus:ring-blue-100 transition-all text-slate-700 placeholder-slate-400 resize-none"></textarea>\n
                    </div>\n
\n
                    \n
                    <div x-show="selectedStatus === 'approved'"\n
                         x-transition:enter="transition ease-out duration-150"\n
                         x-transition:enter-start="opacity-0 -translate-y-2"\n
                         x-transition:enter-end="opacity-100 translate-y-0"\n
                         class="flex items-start gap-2.5 bg-emerald-50 border border-emerald-200 rounded-xl px-4 py-3">\n
                        <i class="fas fa-circle-info text-emerald-500 text-sm flex-shrink-0 mt-0.5"></i>\n
                        <p class="text-[12.5px] text-emerald-700 leading-relaxed">\n
                            Proposal akan disetujui dan <strong>draft Ethical Clearance</strong> akan otomatis dibuat untuk ditindaklanjuti.\n
                        </p>\n
                    </div>\n
\n
                </div>\n
\n
                \n
                <div class="flex items-center justify-between px-6 py-4 border-t border-slate-100 bg-slate-50/60">\n
                    <button type="button" @click="modalOpen = false"\n
                            class="px-5 py-2.5 text-[13.5px] font-semibold text-slate-600 border border-slate-200 rounded-xl hover:bg-slate-100 transition-colors cursor-pointer">\n
                        Batal\n
                    </button>\n
                    <button type="submit"\n
                            :disabled="!selectedStatus || ((selectedStatus === 'rejected' || selectedStatus === 'revised') && !alasan.trim())"\n
                            class="inline-flex items-center gap-2 text-[13.5px] font-semibold px-6 py-2.5 rounded-xl transition-colors"\n
                            :class="(selectedStatus && (selectedStatus === 'approved' || alasan.trim()))\n
                                ? 'bg-[#1e3a5f] hover:bg-[#162d4a] text-white cursor-pointer'\n
                                : 'bg-slate-100 text-slate-400 cursor-not-allowed'">\n
                        <i class="fas fa-gavel text-xs"></i>\n
                        Simpan Keputusan\n
                    </button>\n
                </div>\n
            </form>\n
        </div>\n
    </div>\n
\n
</div>\n
    </div>\n
\n
</div>\n
\n
<!-- Toast Container -->\n
<div id="toast-container"\n
     class="fixed bottom-6 right-6 z-[9999] flex flex-col gap-2.5 pointer-events-none"></div>\n
\n
<!-- Scripts -->\n
<script>\n
function featureInDevelopment(feature) {\n
    showToast(feature + ' sedang dalam pengembangan', 'info');\n
}\n
\n
function showToast(message, type = 'info') {\n
    const container = document.getElementById('toast-container');\n
    if (!container) return;\n
    \n
    const toast = document.createElement('div');\n
    toast.className = 'bg-[#0f1e2e] text-white px-4 py-[11px] rounded-xl text-[13px] font-medium shadow-xl flex items-center gap-2.5 pointer-events-auto max-w-[300px] min-w-[200px] toast-in';\n
    toast.innerHTML = `\n
        <i class="fas ${type === 'info' ? 'fa-circle-info' : 'fa-circle-check'} text-sm"></i>\n
        <span>${message}</span>\n
    `;\n
    \n
    container.appendChild(toast);\n
    \n
    setTimeout(() => {\n
        toast.classList.remove('toast-in');\n
        toast.classList.add('toast-out');\n
        setTimeout(() => toast.remove(), 200);\n
    }, 3000);\n
}\n
\n
(function () {\n
    const toggle = document.getElementById('profile-dropdown-toggle');\n
    const menu = document.getElementById('profile-dropdown-menu');\n
\n
    if (toggle && menu) {\n
        toggle.addEventListener('click', function (event) {\n
            event.stopPropagation();\n
            menu.classList.toggle('hidden');\n
        });\n
\n
        document.addEventListener('click', function (event) {\n
            if (!menu.classList.contains('hidden') && !toggle.contains(event.target)) {\n
                menu.classList.add('hidden');\n
            }\n
        });\n
    }\n
})();\n
\n
function openSidebar() {\n
    const sidebar = document.getElementById('sidebarPanel');\n
    const overlay = document.getElementById('sidebarOverlay');\n
    if (!sidebar || !overlay) return;\n
\n
    sidebar.classList.remove('-translate-x-full');\n
    sidebar.classList.add('translate-x-0');\n
    overlay.classList.remove('hidden');\n
}\n
\n
function closeSidebar() {\n
    const sidebar = document.getElementById('sidebarPanel');\n
    const overlay = document.getElementById('sidebarOverlay');\n
    if (!sidebar || !overlay) return;\n
\n
    sidebar.classList.add('-translate-x-full');\n
    sidebar.classList.remove('translate-x-0');\n
    overlay.classList.add('hidden');\n
}\n
\n
document.querySelectorAll('#sidebarPanel a').forEach(link => {\n
    link.addEventListener('click', closeSidebar);\n
});\n
\n
window.addEventListener('resize', function () {\n
    if (window.innerWidth >= 1024) {\n
        closeSidebar();\n
    }\n
});\n
</script>\n
<script>\n
function keputusanManager() {\n
    return {\n
        modalOpen:        false,\n
        modalProposalId:  null,\n
        modalTitle:       '',\n
        modalResearcher:  '',\n
        selectedStatus:   '',\n
        alasan:           '',\n
        filterStatus:     '',\n
        highlightId:      null,\n
\n
        // Auto-open modal jika dari "Lanjut ke Keputusan"\n
        init() {\n
                    },\n
\n
        openModal(id, title, researcher) {\n
            this.modalProposalId = id;\n
            this.modalTitle      = title;\n
            this.modalResearcher = researcher;\n
            this.selectedStatus  = '';\n
            this.alasan          = '';\n
            this.modalOpen       = true;\n
        },\n
    };\n
}\n
</script>\n
<script defer src="https://cdn.jsdelivr.net/npm/alpinejs@3.x.x/dist/cdn.min.js"></script>\n
\n
</body>\n
</html>

  Not to contain: Proposal Setelah Keputusan

  at tests\Feature\SekretarisDecisionPageTest.php:197
    193Γûò     expect($proposal->fresh()->decision_date)->not->toBeNull();
    194Γûò 
    195Γûò     $response = $this->get(route('sekretaris.keputusan'));
    196Γûò     $response->assertOk();
  Γ₧£ 197Γûò     $response->assertDontSee($proposal->title);
    198Γûò });
    199Γûò 
    200Γûò it('does not show already-decided proposals on the secretary decision page', function () {
    201Γûò     Role::firstOrCreate(['name' => 'sekretaris']);


  Tests:    1 failed, 4 passed (12 assertions)
  Duration: 0.96s

